[sudo] password for sreenath: Persistence mode is already Enabled for GPU 00000000:2B:00.0.
All done.
==========================================
GPU LAUNCH CHECK
==========================================
2026-01-17 17:21:11.237100: E external/local_xla/xla/stream_executor/cuda/cuda_fft.cc:485] Unable to register cuFFT factory: Attempting to register factory for plugin cuFFT when one has already been registered
2026-01-17 17:21:11.247883: E external/local_xla/xla/stream_executor/cuda/cuda_dnn.cc:8454] Unable to register cuDNN factory: Attempting to register factory for plugin cuDNN when one has already been registered
2026-01-17 17:21:11.251024: E external/local_xla/xla/stream_executor/cuda/cuda_blas.cc:1452] Unable to register cuBLAS factory: Attempting to register factory for plugin cuBLAS when one has already been registered
2026-01-17 17:21:11.260396: I tensorflow/core/platform/cpu_feature_guard.cc:210] This TensorFlow binary is optimized to use available CPU instructions in performance-critical operations.
To enable the following instructions: AVX2 FMA, in other operations, rebuild TensorFlow with the appropriate compiler flags.
2026-01-17 17:21:11.958259: W tensorflow/compiler/tf2tensorrt/utils/py_utils.cc:38] TF-TRT Warning: Could not find TensorRT
2026-01-17 17:21:12.402867: E external/local_xla/xla/stream_executor/cuda/cuda_driver.cc:266] failed call to cuInit: CUDA_ERROR_UNKNOWN: unknown error
2026-01-17 17:21:12.402892: I external/local_xla/xla/stream_executor/cuda/cuda_diagnostics.cc:135] retrieving CUDA diagnostic information for host: debian
2026-01-17 17:21:12.402899: I external/local_xla/xla/stream_executor/cuda/cuda_diagnostics.cc:142] hostname: debian
2026-01-17 17:21:12.402960: I external/local_xla/xla/stream_executor/cuda/cuda_diagnostics.cc:166] libcuda reported version is: 550.163.1
2026-01-17 17:21:12.402981: I external/local_xla/xla/stream_executor/cuda/cuda_diagnostics.cc:170] kernel reported version is: 550.163.1
2026-01-17 17:21:12.402987: I external/local_xla/xla/stream_executor/cuda/cuda_diagnostics.cc:249] kernel version seems to match DSO: 550.163.1
Detected GPUs: 0
❌ NO GPU DETECTED (Driver Error: CUDA_ERROR_UNKNOWN)
   Attempting to start anyway... maybe it works?
   Running nvidia-smi debug:
Sat Jan 17 17:21:12 2026       
+-----------------------------------------------------------------------------------------+
| NVIDIA-SMI 550.163.01             Driver Version: 550.163.01     CUDA Version: 12.4     |
|-----------------------------------------+------------------------+----------------------+
| GPU  Name                 Persistence-M | Bus-Id          Disp.A | Volatile Uncorr. ECC |
| Fan  Temp   Perf          Pwr:Usage/Cap |           Memory-Usage | GPU-Util  Compute M. |
|                                         |                        |               MIG M. |
|=========================================+========================+======================|
|   0  NVIDIA GeForce RTX 3060        Off |   00000000:2B:00.0  On |                  N/A |
|  0%   49C    P8             10W /  170W |     904MiB /  12288MiB |     12%      Default |
|                                         |                        |                  N/A |
+-----------------------------------------+------------------------+----------------------+
                                                                                         
+-----------------------------------------------------------------------------------------+
| Processes:                                                                              |
|  GPU   GI   CI        PID   Type   Process name                              GPU Memory |
|        ID   ID                                                               Usage      |
|=========================================================================================|
|    0   N/A  N/A      3176      G   /usr/lib/xorg/Xorg                            342MiB |
|    0   N/A  N/A      3278    C+G   ...libexec/gnome-remote-desktop-daemon        104MiB |
|    0   N/A  N/A      3334      G   /usr/bin/gnome-shell                          118MiB |
|    0   N/A  N/A      3686      G   /usr/libexec/xdg-desktop-portal-gnome           8MiB |
|    0   N/A  N/A     36449      G   /usr/bin/nautilus                              41MiB |
|    0   N/A  N/A     80451      G   /usr/share/antigravity/antigravity              8MiB |
|    0   N/A  N/A     80476      G   ...cess-track-uuid=3190709097819851525        157MiB |
|    0   N/A  N/A     85542      G   /usr/share/antigravity/antigravity             23MiB |
|    0   N/A  N/A    204606      G   /usr/share/antigravity/antigravity             75MiB |
+-----------------------------------------------------------------------------------------+
