==========================================
GPU VERIFICATION
==========================================
2026-01-17 16:57:32.150210: E external/local_xla/xla/stream_executor/cuda/cuda_dnn.cc:9261] Unable to register cuDNN factory: Attempting to register factory for plugin cuDNN when one has already been registered
2026-01-17 16:57:32.150242: E external/local_xla/xla/stream_executor/cuda/cuda_fft.cc:607] Unable to register cuFFT factory: Attempting to register factory for plugin cuFFT when one has already been registered
2026-01-17 16:57:32.151425: E external/local_xla/xla/stream_executor/cuda/cuda_blas.cc:1515] Unable to register cuBLAS factory: Attempting to register factory for plugin cuBLAS when one has already been registered
2026-01-17 16:57:32.156378: I tensorflow/core/platform/cpu_feature_guard.cc:182] This TensorFlow binary is optimized to use available CPU instructions in performance-critical operations.
To enable the following instructions: AVX2 FMA, in other operations, rebuild TensorFlow with the appropriate compiler flags.
2026-01-17 16:57:32.785444: W tensorflow/compiler/tf2tensorrt/utils/py_utils.cc:38] TF-TRT Warning: Could not find TensorRT
2026-01-17 16:57:33.112126: E external/local_xla/xla/stream_executor/cuda/cuda_driver.cc:274] failed call to cuInit: CUDA_ERROR_UNKNOWN: unknown error
2026-01-17 16:57:33.112148: I external/local_xla/xla/stream_executor/cuda/cuda_diagnostics.cc:129] retrieving CUDA diagnostic information for host: debian
2026-01-17 16:57:33.112153: I external/local_xla/xla/stream_executor/cuda/cuda_diagnostics.cc:136] hostname: debian
2026-01-17 16:57:33.112205: I external/local_xla/xla/stream_executor/cuda/cuda_diagnostics.cc:159] libcuda reported version is: 550.163.1
2026-01-17 16:57:33.112221: I external/local_xla/xla/stream_executor/cuda/cuda_diagnostics.cc:163] kernel reported version is: 550.163.1
2026-01-17 16:57:33.112226: I external/local_xla/xla/stream_executor/cuda/cuda_diagnostics.cc:241] kernel version seems to match DSO: 550.163.1
GPUs: []
✅ GPU Ready. Starting Full Training...
2026-01-17 16:57:33.952674: E external/local_xla/xla/stream_executor/cuda/cuda_dnn.cc:9261] Unable to register cuDNN factory: Attempting to register factory for plugin cuDNN when one has already been registered
2026-01-17 16:57:33.952707: E external/local_xla/xla/stream_executor/cuda/cuda_fft.cc:607] Unable to register cuFFT factory: Attempting to register factory for plugin cuFFT when one has already been registered
2026-01-17 16:57:33.953902: E external/local_xla/xla/stream_executor/cuda/cuda_blas.cc:1515] Unable to register cuBLAS factory: Attempting to register factory for plugin cuBLAS when one has already been registered
2026-01-17 16:57:33.958898: I tensorflow/core/platform/cpu_feature_guard.cc:182] This TensorFlow binary is optimized to use available CPU instructions in performance-critical operations.
To enable the following instructions: AVX2 FMA, in other operations, rebuild TensorFlow with the appropriate compiler flags.
2026-01-17 16:57:34.599881: W tensorflow/compiler/tf2tensorrt/utils/py_utils.cc:38] TF-TRT Warning: Could not find TensorRT
Traceback (most recent call last):
  File "/media/sreenath/kannaDisk/iitproject/HiddenLayer/scripts/train_gpu_full_power.py", line 24, in <module>
    from tensorflow.keras.preprocessing.image import ImageDataGenerator
ModuleNotFoundError: No module named 'tensorflow.keras'
